PASS tests/absorb.test.mjs
PASS tests/access.test.mjs
PASS tests/atoms.test.mjs
PASS tests/audio.test.mjs
PASS tests/auto-scale.test.mjs
PASS tests/basis-631.test.mjs
PASS tests/calculus.test.mjs
PASS tests/capture.test.mjs
PASS tests/card-solvers.test.mjs
PASS tests/chem-sweep.test.mjs
PASS tests/cornell.test.mjs
PASS tests/density.test.mjs
PASS tests/dynamics.test.mjs
PASS tests/electrostatics.test.mjs
PASS tests/export3d.test.mjs
PASS tests/field-owner.test.mjs
PASS tests/fields.test.mjs
PASS tests/final-ii.test.mjs
PASS tests/first-run.test.mjs
PASS tests/frame-coalescer.test.mjs
PASS tests/frame-settle.test.mjs
PASS tests/frontier.test.mjs
PASS tests/gas.test.mjs
PASS tests/gate-tools.test.mjs
PASS tests/gpu-cleanup.test.mjs
PASS tests/h2ci.test.mjs
PASS tests/h2.test.mjs
PASS tests/helium.test.mjs
PASS tests/history.test.mjs
PASS tests/hydrogen.test.mjs
PASS tests/ink.test.mjs
PASS tests/kepler.test.mjs
PASS tests/keyboard-shortcuts.test.mjs
PASS tests/kick.test.mjs
PASS tests/latex-state.test.mjs
PASS tests/linalg.test.mjs
PASS tests/math-audit.test.mjs
PASS tests/md.test.mjs
PASS tests/mir-manifest.test.mjs
PASS tests/mir.test.mjs
PASS tests/modrive.test.mjs
PASS tests/molecular-drive.test.mjs
PASS tests/molecular-field.test.mjs
PASS tests/molecular-flow.test.mjs
PASS tests/molecular-register.test.mjs
PASS tests/molecular-session.test.mjs
PASS tests/molecule-state.test.mjs
PASS tests/molecules.test.mjs
PASS tests/molecule.test.mjs
PASS tests/momentum.test.mjs
PASS tests/mo.test.mjs
PASS tests/native-ui.test.mjs
PASS tests/new-project.test.mjs
PASS tests/notebook-math.test.mjs
PASS tests/palette.test.mjs
PASS tests/perf.test.mjs
PASS tests/period.test.mjs
PASS tests/project-import.test.mjs
PASS tests/project-storage.test.mjs
PASS tests/pulse.test.mjs
PASS tests/qcd.test.mjs
PASS tests/qho.test.mjs
PASS tests/radiation.test.mjs
PASS tests/release-inputs.test.mjs
PASS tests/render-exact.test.mjs
PASS tests/response-fit.test.mjs
PASS tests/rhf-molecules.test.mjs
PASS tests/rotor4.test.mjs
PASS tests/rpa-inspector.test.mjs
PASS tests/scf.test.mjs
PASS tests/slider-keys.test.mjs
PASS tests/stage-gestures.test.mjs
PASS tests/statelink.test.mjs
PASS tests/sturmianreg.test.mjs
PASS tests/sturmian.test.mjs
PASS tests/twocentre.test.mjs
PASS tests/well.test.mjs
PASS tests/wigner.test.mjs
PASS tests/window-activity.test.mjs
PASS tests/wiring.test.mjs
PASS tests/zion.test.mjs
PASS tests/pwa.test.mjs
TOTAL suites=82 pass=82 fail=0
FAILED: 
