lab/mir/app.js
lab/mir/core/assets.js
lab/mir/core/envelope.js
lab/mir/core/ink.js
lab/mir/core/intake.js
lab/mir/core/look.js
lab/mir/core/png.js
lab/mir/core/prefs.js
lab/mir/core/project.js
lab/mir/core/session.js
lab/mir/core/wakelock.js
lab/mir/core/zip.js
lab/mir/folders/files.js
lab/mir/folders/folders.js
lab/mir/folders/gallery.js
lab/mir/folders/project.js
lab/mir/folders/save-blob.js
lab/mir/folders/seed.js
lab/mir/folders/zip.js
lab/mir/fx/parallax.js
lab/mir/history/domains.js
lab/mir/history/gestures.js
lab/mir/history/history-list.js
lab/mir/history/history.js
lab/mir/history/window.js
lab/mir/info/bodies.js
lab/mir/info/layer.js
lab/mir/info/leader.js
lab/mir/info/page.js
lab/mir/info/seats.js
lab/mir/keyboard/keyboard.js
lab/mir/modulation/audio-capture.js
lab/mir/modulation/bind.js
lab/mir/modulation/layout-motion.js
lab/mir/modulation/mod-cursor.js
lab/mir/modulation/project.js
lab/mir/modulation/window.js
lab/mir/notes/face.js
lab/mir/notes/shelf.js
lab/mir/panels/camera-rig.js
lab/mir/panels/camera.js
lab/mir/panels/curves.js
lab/mir/panels/grade.js
lab/mir/panels/index.js
lab/mir/panels/lanes.js
lab/mir/panels/morph.js
lab/mir/panels/picture-filter.js
lab/mir/panels/ramp.js
lab/mir/panels/xy.js
lab/mir/pattern/model.js
lab/mir/pattern/sequencer.js
lab/mir/pattern/window.js
lab/mir/render/clock.js
lab/mir/render/encoder.js
lab/mir/render/mp4.js
lab/mir/render/panel.js
lab/mir/render/plan.js
lab/mir/render/recorder.js
lab/mir/render/selftest.js
lab/mir/render/store-worker.js
lab/mir/render/store.js
lab/mir/shell/banner.js
lab/mir/shell/boot.js
lab/mir/shell/busy.js
lab/mir/shell/clipboard.js
lab/mir/shell/dialog.js
lab/mir/shell/flash-guard.js
lab/mir/shell/gui.js
lab/mir/shell/keys.js
lab/mir/shell/language.js
lab/mir/shell/notice.js
lab/mir/shell/opener.js
lab/mir/shell/pages.js
lab/mir/shell/rack-scrollbar.js
lab/mir/shell/rack.js
lab/mir/shell/scene-guard.js
lab/mir/shell/share-link.js
lab/mir/shell/themes.js
lab/mir/shell/transport.js
lab/mir/timeline/audio-analysis.js
lab/mir/timeline/audio-drop.js
lab/mir/timeline/audio-kind.js
lab/mir/timeline/audio-playback.js
lab/mir/timeline/bind.js
lab/mir/timeline/controller.js
lab/mir/timeline/cursor.js
lab/mir/timeline/curve-view.js
lab/mir/timeline/draw.js
lab/mir/timeline/editor.js
lab/mir/timeline/geometry.js
lab/mir/timeline/history.js
lab/mir/timeline/icons.js
lab/mir/timeline/kinds.js
lab/mir/timeline/knobs.js
lab/mir/timeline/model.js
lab/mir/timeline/pattern-kind.js
lab/mir/timeline/playhead.js
lab/mir/timeline/project.js
lab/mir/timeline/readout.js
lab/mir/timeline/selection.js
lab/mir/timeline/shortcuts.js
lab/mir/timeline/slice.js
lab/mir/timeline/source.js
lab/mir/timeline/time-format.js
lab/mir/timeline/view.js
lab/mir/timeline/window.js
lab/mir/window/dock.js
lab/mir/window/window.js
lab/mir/window/workspaces.js
