# before before: http://127.0.0.1:8737/index.html
# after  after: http://127.0.0.1:8737/index.html
# noise  before2 (a second capture of the unchanged page; what differs there is masked)
## dark-tinted-off: 595 → 595 elements · 136 changed · 0 gone · 0 new · (0 noisy masked)
## dark-tinted-on: 595 → 595 elements · 150 changed · 0 gone · 0 new · (0 noisy masked)
## dark-refractive-off: 595 → 595 elements · 150 changed · 0 gone · 0 new · (0 noisy masked)
## dark-refractive-on: 595 → 595 elements · 150 changed · 0 gone · 0 new · (0 noisy masked)
## light-tinted-off: 595 → 595 elements · 136 changed · 0 gone · 0 new · (0 noisy masked)
## light-tinted-on: 595 → 595 elements · 150 changed · 0 gone · 0 new · (0 noisy masked)
## light-refractive-off: 595 → 595 elements · 150 changed · 0 gone · 0 new · (0 noisy masked)
## light-refractive-on: 595 → 595 elements · 150 changed · 0 gone · 0 new · (0 noisy masked)
## pixels (beyond the pixels that moved between the two before-runs)
dark-tinted-off: 0 pixels differ (0.000 %) · 0 masked as noise
dark-tinted-on: 0 pixels differ (0.000 %) · 0 masked as noise
dark-refractive-off: 0 pixels differ (0.000 %) · 0 masked as noise
dark-refractive-on: 196 pixels differ (0.015 %) inside x 1105–1116, y 47–98 · 0 masked as noise
light-tinted-off: 0 pixels differ (0.000 %) · 0 masked as noise
light-tinted-on: 969 pixels differ (0.075 %) inside x 157–1396, y 22–507 · 0 masked as noise
light-refractive-off: 0 pixels differ (0.000 %) · 0 masked as noise
light-refractive-on: 0 pixels differ (0.000 %) · 0 masked as noise

1172 element difference(s) and 1165 pixel(s) beyond noise — .tmp/stylehash-out/before__after.report.txt
